2026-07-27 10:40:02	광주고등법원 2016.3.31. 선고 2014나3004 판결	2014나3004	검색 결과에 정확히 일치하는 사건번호 없음
2026-07-27 10:40:03	대구지방법원 2007.5.8. 선고 2006가합8478	2006가합8478	검색 결과에 정확히 일치하는 사건번호 없음
2026-07-27 10:40:05	대구지방법원 서부지원 2009.4.10. 선고 2007가합2634	2007가합2634	검색 결과에 정확히 일치하는 사건번호 없음
2026-07-27 10:47:02	광주고등법원 2016.3.31. 선고 2014나3004 판결	2014나3004	검색 결과에 정확히 일치하는 사건번호 없음
2026-07-27 10:47:04	대구지방법원 2007.5.8. 선고 2006가합8478	2006가합8478	검색 결과에 정확히 일치하는 사건번호 없음
2026-07-27 10:47:05	대구지방법원 서부지원 2009.4.10. 선고 2007가합2634	2007가합2634	검색 결과에 정확히 일치하는 사건번호 없음
2026-07-27 10:47:10	대법원 1980.4.8. 선고 80다188	80다188	검색 결과에 정확히 일치하는 사건번호 없음
2026-07-27 10:47:47	대법원 1994. 9. 9. 선고 93da31191 판결	None	사건번호 패턴을 ref에서 추출 실패
2026-07-27 10:49:23	대법원 1999.3.12. 선고 98다51626 판결	98다51626	검색 결과에 정확히 일치하는 사건번호 없음
2026-07-27 10:49:31	대법원 2000.1.28. 선고 99다57461 판결	99다57461	검색 결과에 정확히 일치하는 사건번호 없음
2026-07-27 10:50:00	대법원 2001다70825	2001다70825	검색 결과에 정확히 일치하는 사건번호 없음
2026-07-27 10:50:14	대법원 2002.4.23. 선고 2001다84794	2001다84794	검색 결과에 정확히 일치하는 사건번호 없음
2026-07-27 10:50:21	대법원 2002.7.12. 선고 2000다59364	2000다59364	검색 결과에 정확히 일치하는 사건번호 없음
2026-07-27 10:50:29	대법원 2003.1.10. 선고 2001다9243 판결	2001다9243	검색 결과에 정확히 일치하는 사건번호 없음
2026-07-27 10:50:46	대법원 2003.7.25. 선고 2001다10458	2001다10458	검색 결과에 정확히 일치하는 사건번호 없음
2026-07-27 10:51:51	대법원 2007.6.15. 선고 2007다25049 판결	2007다25049	검색 결과에 정확히 일치하는 사건번호 없음
2026-07-27 10:53:02	대법원 2011. 7. 28. 선고 2010다69193 판결	2010다69193	검색 결과에 정확히 일치하는 사건번호 없음
2026-07-27 10:53:07	대법원 2011. 7. 28. 선고 2010다76382	2010다76382	검색 결과에 정확히 일치하는 사건번호 없음
2026-07-27 10:53:08	대법원 2011. 7. 28. 선고 2010다76382 판결	2010다76382	검색 결과에 정확히 일치하는 사건번호 없음
2026-07-27 10:53:16	대법원 2011.4.28. 선고 2010다16702	2010다16702	검색 결과에 정확히 일치하는 사건번호 없음
2026-07-27 10:53:16	대법원 2011.7.28. 선고 2010da76368	None	사건번호 패턴을 ref에서 추출 실패
2026-07-27 10:53:16	대법원 2012. 12. 26. 선고 2010da86815 판결	None	사건번호 패턴을 ref에서 추출 실패
2026-07-27 10:54:01	대법원 2014.1.23. 선고 2013다7271 판결	2013다7271	검색 결과에 정확히 일치하는 사건번호 없음
2026-07-27 10:54:06	대법원 2015. 9. 10. 선고 2013다59890 판결	2013다59890	검색 결과에 정확히 일치하는 사건번호 없음
2026-07-27 10:54:08	대법원 2015. 9. 10. 선고 2015다25679	2015다25679	검색 결과에 정확히 일치하는 사건번호 없음
2026-07-27 10:54:09	대법원 2015. 9. 10. 선고 2015다25679 판결	2015다25679	검색 결과에 정확히 일치하는 사건번호 없음
2026-07-27 10:54:14	대법원 2015.4.23. 선고 2013다17674	2013다17674	검색 결과에 정확히 일치하는 사건번호 없음
2026-07-27 10:54:15	대법원 2016. 3. 24. 선고 2015다250291 판결	2015다250291	검색 결과에 정확히 일치하는 사건번호 없음
2026-07-27 10:57:15	대법원 2016. 4. 28. 선고 2016다3638	2016다3638	검색 결과에 정확히 일치하는 사건번호 없음
2026-07-27 10:57:17	대법원 2016. 4. 28. 선고 2016다3638 판결	2016다3638	검색 결과에 정확히 일치하는 사건번호 없음
2026-07-27 10:57:26	대법원 2018. 9. 28. 선고 2015da69853 판결	None	사건번호 패턴을 ref에서 추출 실패
2026-07-27 10:57:33	대법원 2020. 5. 14. 선고 2016da12175 판결	None	사건번호 패턴을 ref에서 추출 실패
2026-07-27 10:57:43	대법원 2025. 1. 9. 선고 2024도3248 판결	2024도3248	검색 결과에 정확히 일치하는 사건번호 없음
2026-07-27 10:57:54	서울고등법원 2005.11.10. 선고 2004나67877	2004나67877	검색 결과에 정확히 일치하는 사건번호 없음
2026-07-27 10:58:05	서울고등법원 2013.10.16. 선고 2012나105927	2012나105927	검색 결과에 정확히 일치하는 사건번호 없음
2026-07-27 10:58:07	서울고등법원 2013.5.16. 선고 2012나83508	2012나83508	검색 결과에 정확히 일치하는 사건번호 없음
2026-07-27 10:58:08	서울고등법원 2014.1.17. 선고 2011나30743 판결	2011나30743	검색 결과에 정확히 일치하는 사건번호 없음
2026-07-27 10:58:10	서울고등법원 2015. 12. 18. 선고 2014다60608	2014다60608	검색 결과에 정확히 일치하는 사건번호 없음
2026-07-27 10:58:11	서울고등법원 2015. 12. 18. 선고 2014다60608 판결	2014다60608	검색 결과에 정확히 일치하는 사건번호 없음
2026-07-27 10:58:13	서울고등법원 2024. 2. 2. 선고 2023노212 판결	2023노212	검색 결과에 정확히 일치하는 사건번호 없음
2026-07-27 10:58:14	서울남부지방법원 2017. 2. 17. 선고 2014가합115231 판결	2014가합115231	검색 결과에 정확히 일치하는 사건번호 없음
2026-07-27 10:58:16	서울남부지법 2013.7.12. 선고 2012가합8476 판결	2012가합8476	검색 결과에 정확히 일치하는 사건번호 없음
2026-07-27 10:58:23	서울중앙지방법원 2011가단371969	2011가단371969	검색 결과에 정확히 일치하는 사건번호 없음
2026-07-27 10:58:25	서울중앙지방법원 2017. 5. 10. 선고 2016가단5272604 판결	2016가단5272604	검색 결과에 정확히 일치하는 사건번호 없음
2026-07-27 10:58:30	서울중앙지방법원 2019. 11. 13. 선고 2019나7432 판결	2019나7432	검색 결과에 정확히 일치하는 사건번호 없음
2026-07-27 10:58:34	서울중앙지법 2012.9.27. 선고 2011가합78083	2011가합78083	검색 결과에 정확히 일치하는 사건번호 없음
2026-07-27 10:58:42	서울지방법원 2008.5.28. 선고 2007가합107069	2007가합107069	검색 결과에 정확히 일치하는 사건번호 없음
2026-07-27 10:58:43	서울지방법원 2008.5.28. 선고 2007가합107069 판결	2007가합107069	검색 결과에 정확히 일치하는 사건번호 없음
2026-07-27 10:58:45	수원지방법원 2021. 5. 25. 선고 2020나63986 판결	2020나63986	검색 결과에 정확히 일치하는 사건번호 없음
2026-07-27 10:58:49	헌법재판소 2012. 5. 31.자 2011헌바78 결정	2011헌바78	검색 결과에 정확히 일치하는 사건번호 없음
2026-07-27 10:58:51	헌법재판소 2017.5.25. 자 2014헌바459	2014헌바459	검색 결과에 정확히 일치하는 사건번호 없음
2026-07-27 10:58:52	헌법재판소 2022. 6. 30. 자 2019헌마579 결정	2019헌마579	검색 결과에 정확히 일치하는 사건번호 없음
